57	66	92	98	72
37	112	73	111	79
29	62	104	103	72
36	98	112	127	100
45	90	95	99	135
